{
  "checks": [
    {
      "detail": "Database not found at [CORTEX_HOME]/cortex.db. Run cortex setup.",
      "name": "database",
      "status": "fail"
    }
  ],
  "nextAction": {
    "command": "cortex setup",
    "docs": "Info/connecting.md",
    "kind": "run_setup",
    "label": "Run cortex setup to initialize the local brain."
  },
  "repair": {
    "command": "cortex setup",
    "docs": "Info/connecting.md",
    "kind": "run_setup",
    "label": "Run cortex setup to initialize the local brain."
  },
  "runtime": {
    "dbPath": "[CORTEX_HOME]/cortex.db",
    "home": "[CORTEX_HOME]",
    "mode": "in-process"
  },
  "schemaVersion": 2,
  "status": "needs_action",
  "summary": "Database not found at [CORTEX_HOME]/cortex.db. Run cortex setup.",
  "version": "0.6.0"
}
