Cortex robot guide

Discovery:
  cortex capabilities --json
  cortex help
  cortex status --json
  cortex paths --json

Local attach:
  cortex boot --json
  cortex mcp --agent codex

Health checks:
  cortex doctor
  cortex embeddings status --json
  cortex admin budgets status --json

Maintenance:
  cortex backup
  cortex cleanup --dry-run
  cortex reindex --json
  cortex recrystallize --json

Danger gates:
  cortex restore <file> warns if a daemon appears active.
  cortex admin rollback --session-id <id> is dry-run unless --apply is present.
  cortex user remove and cortex team remove ask for confirmation.

Output contract:
  Prefer commands with --json when present.
  Treat stderr as diagnostic text.
  Treat exit code 0 as success and exit code 1 as user-input or runtime failure.

